// Jest Snapshot v1, https://goo.gl/fbAQLP

exports[`<StaticLocationProvider /> Should render component with provider 1`] = `
Array [
  <Text
    testID="testComponentText"
  />,
  <View
    accessible={true}
    collapsable={false}
    focusable={true}
    onBlur={[Function]}
    onClick={[Function]}
    onFocus={[Function]}
    onResponderGrant={[Function]}
    onResponderMove={[Function]}
    onResponderRelease={[Function]}
    onResponderTerminate={[Function]}
    onResponderTerminationRequest={[Function]}
    onStartShouldSetResponder={[Function]}
    testID="testComponentButton"
  />,
  <View
    style={
      Array [
        Object {
          "position": "absolute",
          "width": "100%",
        },
        undefined,
      ]
    }
  >
    <View
      collapsable={false}
      nativeID="animatedComponent"
      style={
        Object {
          "backgroundColor": "#313131",
          "bottom": 0,
          "height": 0,
          "justifyContent": "flex-end",
          "left": 0,
          "position": "absolute",
          "right": 0,
          "top": 0,
          "width": "100%",
          "zIndex": 1000,
        }
      }
    >
      <Text
        collapsable={false}
        nativeID="animatedComponent"
        numberOfLines={1}
        style={
          Object {
            "color": "#ffffff",
            "fontFamily": "DIN2014Narrow-Regular",
            "fontSize": 13,
            "letterSpacing": 0.4,
            "opacity": 0,
            "paddingBottom": 7.444196428571429,
            "paddingHorizontal": 36.231884057971016,
            "textAlign": "center",
          }
        }
      >
        
      </Text>
    </View>
  </View>,
]
`;
