// Jest Snapshot v1, https://goo.gl/fbAQLP

exports[`Thank You Counter Screen Rendering should match snapshot 1`] = `null`;
